┏━ dev:build.1 ━━━━━━━━━━━━━━━━━━━━━━━━━
┃· Bash: make test
┃ ❯ fix the tests
┌─ dev:build.2 ─────────────────── 16m ─
│? allow? Bash
│ ❯ plan it
┌─ dev:api ──────────────────────!─ 2h ─
│ ❯ add retries
│ api
┌─ dev:web.1 ────────────────────── 2h ─
│ ❯ serve it
│ 
┌─ dev:web.2 ────────────────────── 2h ─
│ 
│ 
