┏━ dev:build ━━━━━━━━━━━━━━━━━━━━━━ 1m ━
┃ 
┃ 
── background ──────────────────────────
┌─ ImproveInbox errors ──────────── 2h ─
│? needs input
│ bg 216033ea  me
┌─ debug iterm crash ───────────── 11d ─
│OK cloud-native-foundation
│ bg 3d520d8f
▌─ rollback orchestrator ───────────────
▌· working
▌ bg a690a0cc  platform
┌─ b1 ──────────────────────────────────
│ nowhere
│ bg b1  restarting
